Removed Member From Class: ClassName=Main Member=C?
Removed Member From Class: ClassName=Main Member=R?
Change Component Designator: OldDesignator=C2 NewDesignator=C3
Change Component Designator: OldDesignator=C3 NewDesignator=C4
Change Component Designator: OldDesignator=C4 NewDesignator=C5
Change Component Designator: OldDesignator=C5 NewDesignator=C6
Change Component Designator: OldDesignator=C? NewDesignator=C2
Change Component Designator: OldDesignator=Q? NewDesignator=Q2
Change Component Designator: OldDesignator=R5 NewDesignator=R8
Change Component Designator: OldDesignator=R6 NewDesignator=R10
Change Component Designator: OldDesignator=R7 NewDesignator=R11
Change Component Designator: OldDesignator=R? NewDesignator=R5
Change Component Designator: OldDesignator=R? NewDesignator=R6
Change Component Designator: OldDesignator=R? NewDesignator=R7
Change Component Designator: OldDesignator=R? NewDesignator=R9
Change Component Designator: OldDesignator=U3 NewDesignator=U4
Add Component: Footprint Not Found SW_SWT0325-073016TSK_REVA
Add Component: Footprint Not Found PCBComponent_1
Add Component: Footprint Not Found S-1317A33-M5T1U4
Add Pin To Net: Unknown Pin: Pin B1-0
Add Pin To Net: Unknown Pin: Pin B1-1
Add Pin To Net: Unknown Pin: Pin S1-1
Add Pin To Net: Unknown Pin: Pin S1-4
Add Pin To Net: Unknown Pin: Pin U2-1
Add Pin To Net: Unknown Pin: Pin U2-2
Add Pin To Net: Unknown Pin: Pin U2-3
Add Pin To Net: Unknown Pin: Pin U2-4
Add Pin To Net: Unknown Pin: Pin U2-5
Add Pin To Net: Unknown Pin: Pin U2-6
Add Pin To Net: Unknown Pin: Pin U2-7
Add Pin To Net: Unknown Pin: Pin U2-8
Add Pin To Net: Unknown Pin: Pin U2-9
Add Pin To Net: Unknown Pin: Pin U2-10
Add Pin To Net: Unknown Pin: Pin U2-11
Add Pin To Net: Unknown Pin: Pin U2-12
Add Pin To Net: Unknown Pin: Pin U3-1
Add Pin To Net: Unknown Pin: Pin U3-2
Add Pin To Net: Unknown Pin: Pin U3-5
Change Net Name : Old Net Name=NetQ?_1 New Net Name=NetQ2_1
Change Net Name : Old Net Name=NetQ?_3 New Net Name=NetQ2_3
Change Net Name : Old Net Name=NetR6_1 New Net Name=NetR10_1
Change Net Name : Old Net Name=NetR7_1 New Net Name=NetR11_1
Add Class Member: Failed to add class member : Component B1 LiPo
Added Member To Class: ClassName=Main Member=Component C6 1µF
Added Member To Class: ClassName=Main Member=Component R8 5.1kO
Added Member To Class: ClassName=Main Member=Component R9 1k
Added Member To Class: ClassName=Main Member=Component R10 10kO
Added Member To Class: ClassName=Main Member=Component R11 10kO
Add Class Member: Failed to add class member : Component S1 SWT0325-073016TSK_REVA
Add Class Member: Failed to add class member : Component U2 1.54" TFT Display
Added Member To Class: ClassName=Main Member=Component U4 DS3231SN/T&R
