Add Component: Footprint Not Found S-1317A33-M5T1U4
Add Pin To Net: Unknown Pin: Pin B1-0
Add Pin To Net: Unknown Pin: Pin B1-1
Added Pin To Net: NetName=SHUTTER_BTN Pin=S1-1
Added Pin To Net: NetName=GND Pin=S1-4
Added Pin To Net: NetName=GND Pin=U2-1
Added Pin To Net: NetName=LEDK Pin=U2-2
Added Pin To Net: NetName=3V3 Pin=U2-3
Added Pin To Net: NetName=3V3 Pin=U2-4
Added Pin To Net: NetName=GND Pin=U2-5
Added Pin To Net: NetName=GND Pin=U2-6
Added Pin To Net: NetName=DC Pin=U2-7
Added Pin To Net: NetName=CS Pin=U2-8
Added Pin To Net: NetName=SCL Pin=U2-9
Added Pin To Net: NetName=SDA Pin=U2-10
Added Pin To Net: NetName=RES Pin=U2-11
Added Pin To Net: NetName=GND Pin=U2-12
Add Pin To Net: Unknown Pin: Pin U3-1
Add Pin To Net: Unknown Pin: Pin U3-2
Add Pin To Net: Unknown Pin: Pin U3-5
Add Class Member: Failed to add class member : Component B1 LiPo
Added Member To Class: ClassName=Main Member=Component C2 100nF
Added Member To Class: ClassName=Main Member=Component C3 4.7µF
Added Member To Class: ClassName=Main Member=Component C5 4.7uF 16V
Added Member To Class: ClassName=Main Member=Component R5 20
Added Member To Class: ClassName=Main Member=Component R6 10k
Added Member To Class: ClassName=Main Member=Component R7 20
Added Member To Class: ClassName=Main Member=Component S1 SWT0325-073016TSK_REVA
Add Class Member: Failed to add class member : Component U3 S-1317A33-M5T1U4
