Added Component: Designator=J?(61302015721)
Add component (AddParameter): Name = "Contact Resistance"; Value = "20mO"; VariantName = "[No Variations]"
Add component (AddParameter): Name = "Current Rating"; Value = "3A"; VariantName = "[No Variations]"
Add component (AddParameter): Name = "Gender"; Value = "Female"; VariantName = "[No Variations]"
Add component (AddParameter): Name = "Lead Pitch"; Value = "2.54mm"; VariantName = "[No Variations]"
Add component (AddParameter): Name = "Number of Pins"; Value = "20"; VariantName = "[No Variations]"
Add component (AddParameter): Name = "Operating Supply Voltage"; Value = "250V"; VariantName = "[No Variations]"
Add component (AddParameter): Name = "Orientation"; Value = "Vertical"; VariantName = "[No Variations]"
Added Component: Designator=J?(61302015721)
Add component (AddParameter): Name = "Contact Resistance"; Value = "20mO"; VariantName = "[No Variations]"
Add component (AddParameter): Name = "Current Rating"; Value = "3A"; VariantName = "[No Variations]"
Add component (AddParameter): Name = "Gender"; Value = "Female"; VariantName = "[No Variations]"
Add component (AddParameter): Name = "Lead Pitch"; Value = "2.54mm"; VariantName = "[No Variations]"
Add component (AddParameter): Name = "Number of Pins"; Value = "20"; VariantName = "[No Variations]"
Add component (AddParameter): Name = "Operating Supply Voltage"; Value = "250V"; VariantName = "[No Variations]"
Add component (AddParameter): Name = "Orientation"; Value = "Vertical"; VariantName = "[No Variations]"
Added Pin To Net: NetName=3V3 Pin=J?-1
Added Net: Name=3V3
Added Pin To Net: NetName=5V0 Pin=J?-20
Added Net: Name=5V0
Added Pin To Net: NetName=BOOT Pin=J?-13
Added Net: Name=BOOT
Added Pin To Net: NetName=CAM_HREF Pin=J?-6
Added Net: Name=CAM_HREF
Added Pin To Net: NetName=CAM_PCLK Pin=J?-18
Added Net: Name=CAM_PCLK
Added Pin To Net: NetName=CAM_SIOC Pin=J?-4
Added Net: Name=CAM_SIOC
Added Pin To Net: NetName=CAM_SIOD Pin=J?-3
Added Net: Name=CAM_SIOD
Added Pin To Net: NetName=CAM_VYSNC Pin=J?-5
Added Net: Name=CAM_VYSNC
Added Pin To Net: NetName=CAM_XCLK Pin=J?-7
Added Net: Name=CAM_XCLK
Added Pin To Net: NetName=CAM_Y2 Pin=J?-16
Added Net: Name=CAM_Y2
Added Pin To Net: NetName=CAM_Y3 Pin=J?-14
Added Net: Name=CAM_Y3
Added Pin To Net: NetName=CAM_Y4 Pin=J?-11
Added Net: Name=CAM_Y4
Added Pin To Net: NetName=CAM_Y5 Pin=J?-15
Added Net: Name=CAM_Y5
Added Pin To Net: NetName=CAM_Y6 Pin=J?-17
Added Net: Name=CAM_Y6
Added Pin To Net: NetName=CAM_Y7 Pin=J?-10
Added Net: Name=CAM_Y7
Added Pin To Net: NetName=CAM_Y8 Pin=J?-9
Added Net: Name=CAM_Y8
Added Pin To Net: NetName=CAM_Y9 Pin=J?-8
Added Net: Name=CAM_Y9
Added Pin To Net: NetName=D+ Pin=J?-19
Added Net: Name=D+
Added Pin To Net: NetName=D- Pin=J?-18
Added Net: Name=D-
Added Pin To Net: NetName=DISP_BKL Pin=J?-4
Added Net: Name=DISP_BKL
Added Pin To Net: NetName=DISP_CS Pin=J?-12
Added Net: Name=DISP_CS
Added Pin To Net: NetName=DISP_DC Pin=J?-3
Added Net: Name=DISP_DC
Added Pin To Net: NetName=DISP_MOSI Pin=J?-16
Added Net: Name=DISP_MOSI
Added Pin To Net: NetName=DISP_SCLK Pin=J?-17
Added Net: Name=DISP_SCLK
Added Pin To Net: NetName=GND Pin=J?-20
Added Net: Name=GND
Added Pin To Net: NetName=LOG Pin=J?-13
Added Net: Name=LOG
Added Pin To Net: NetName=PSRAM_35 Pin=J?-12
Added Net: Name=PSRAM_35
Added Pin To Net: NetName=PSRAM_36 Pin=J?-11
Added Net: Name=PSRAM_36
Added Pin To Net: NetName=PSRAM_37 Pin=J?-10
Added Net: Name=PSRAM_37
Added Pin To Net: NetName=RST Pin=J?-2
Added Net: Name=RST
Added Pin To Net: NetName=RTC_SCL Pin=J?-5
Added Net: Name=RTC_SCL
Added Pin To Net: NetName=RTC_SDA Pin=J?-6
Added Net: Name=RTC_SDA
Added Pin To Net: NetName=RX Pin=J?-2
Added Net: Name=RX
Added Pin To Net: NetName=SD_CLK Pin=J?-8
Added Net: Name=SD_CLK
Added Pin To Net: NetName=SD_CMD Pin=J?-9
Added Net: Name=SD_CMD
Added Pin To Net: NetName=SD_DATA Pin=J?-7
Added Net: Name=SD_DATA
Added Pin To Net: NetName=SHUTTER Pin=J?-19
Added Net: Name=SHUTTER
Added Pin To Net: NetName=TX Pin=J?-1
Added Net: Name=TX
Added Pin To Net: NetName=VSPI Pin=J?-14
Added Net: Name=VSPI
Added Pin To Net: NetName=WS2812 Pin=J?-15
Added Net: Name=WS2812
Added Class: Name=Main
Added Rule: Name=Schematic Supply Nets
Added Rule: Name=Schematic Supply Nets_1
